Product: MDK-ARM Standard 5.10
Component: ARM Compiler 5.04 update 1 (build 49)
Tool: armlink [5040049]

==============================================================================

Section Cross References

    startup_stm32f10x_hd.o(STACK) refers (Special) to heapauxi.o(.text) for __use_two_region_memory
    startup_stm32f10x_hd.o(HEAP) refers (Special) to heapauxi.o(.text) for __use_two_region_memory
    startup_stm32f10x_hd.o(RESET) refers (Special) to heapauxi.o(.text) for __use_two_region_memory
    startup_stm32f10x_hd.o(RESET) refers to startup_stm32f10x_hd.o(.text) for Reset_Handler
    startup_stm32f10x_hd.o(RESET) refers to stm32f10x_it.o(.text) for USB_HP_CAN1_TX_IRQHandler
    startup_stm32f10x_hd.o(RESET) refers to usart.o(.text) for USART1_IRQHandler
    startup_stm32f10x_hd.o(.text) refers (Special) to heapauxi.o(.text) for __use_two_region_memory
    startup_stm32f10x_hd.o(.text) refers to startup_stm32f10x_hd.o(STACK) for __initial_sp
    startup_stm32f10x_hd.o(.text) refers to __main.o(!!!main) for __main
    startup_stm32f10x_hd.o(.text) refers to startup_stm32f10x_hd.o(HEAP) for Heap_Mem
    test.o(.text) refers to sys.o(.text) for Stm32_Clock_Init
    test.o(.text) refers to hw_config.o(.text) for USB_Interrupts_Config
    test.o(.text) refers to usb_init.o(.text) for USB_Init
    delay.o(.text) refers to delay.o(.data) for fac_us
    sys.o(.text) refers to sys.o(.emb_text) for WFI_SET
    usart.o(.rev16_text) refers (Special) to use_no_semi_2.o(.text) for __use_no_semihosting
    usart.o(.revsh_text) refers (Special) to use_no_semi_2.o(.text) for __use_no_semihosting
    usart.o(.text) refers (Special) to use_no_semi_2.o(.text) for __use_no_semihosting
    usart.o(.text) refers to fflt_clz.o(x$fpl$ffltu) for __aeabi_ui2f
    usart.o(.text) refers to fdiv.o(x$fpl$fdiv) for __aeabi_fdiv
    usart.o(.text) refers to ffixu.o(x$fpl$ffixu) for __aeabi_f2uiz
    usart.o(.text) refers to faddsub_clz.o(x$fpl$frsb) for __aeabi_frsub
    usart.o(.text) refers to fmul.o(x$fpl$fmul) for __aeabi_fmul
    usart.o(.text) refers to sys.o(.text) for MY_NVIC_Init
    usart.o(.text) refers to usart.o(.data) for USART_RX_STA
    usart.o(.text) refers to usart.o(.bss) for USART_RX_BUF
    usart.o(.bss) refers (Special) to use_no_semi_2.o(.text) for __use_no_semihosting
    usart.o(.data) refers (Special) to use_no_semi_2.o(.text) for __use_no_semihosting
    usb_core.o(.text) refers to usb_regs.o(.text) for ClearDTOG_TX
    usb_core.o(.text) refers to usb_init.o(.data) for pInformation
    usb_core.o(.text) refers to usb_prop.o(.data) for Device_Table
    usb_core.o(.text) refers to usb_core.o(.data) for StatusInfo
    usb_core.o(.text) refers to usb_mem.o(.text) for PMAToUserBufferCopy
    usb_core.o(.text) refers to usb_int.o(.data) for SaveRState
    usb_core.o(.text) refers to hw_config.o(.text) for UsbCamera_Fillbuf
    usb_init.o(.text) refers to usb_init.o(.bss) for Device_Info
    usb_init.o(.text) refers to usb_init.o(.data) for pInformation
    usb_init.o(.text) refers to usb_prop.o(.data) for Device_Property
    usb_int.o(.text) refers to usb_core.o(.text) for In0_Process
    usb_int.o(.text) refers to usb_istr.o(.data) for wIstr
    usb_int.o(.text) refers to usb_init.o(.data) for EPindex
    usb_int.o(.text) refers to usb_int.o(.data) for SaveRState
    hw_config.o(.text) refers to sys.o(.text) for MY_NVIC_Init
    hw_config.o(.text) refers to usb_mem.o(.text) for UserToPMABufferCopy
    hw_config.o(.text) refers to usb_regs.o(.text) for SetEPDblBuf0Count
    hw_config.o(.text) refers to usb_pwr.o(.data) for bDeviceState
    hw_config.o(.text) refers to usb_init.o(.bss) for Device_Info
    hw_config.o(.text) refers to hw_config.o(.data) for sendbuf
    hw_config.o(.text) refers to srcjpg.o(.constdata) for sbuf
    hw_config.o(.text) refers to usb_desc.o(.data) for Camera_StringSerial
    stm32f10x_it.o(.text) refers to usb_istr.o(.text) for USB_Istr
    usb_istr.o(.text) refers to usb_pwr.o(.text) for Resume
    usb_istr.o(.text) refers to usb_int.o(.text) for CTR_LP
    usb_istr.o(.text) refers to usb_istr.o(.data) for wIstr
    usb_istr.o(.text) refers to usb_init.o(.data) for wInterrupt_Mask
    usb_istr.o(.text) refers to usb_prop.o(.data) for Device_Property
    usb_istr.o(.text) refers to usb_pwr.o(.data) for fSuspendEnabled
    usb_istr.o(.data) refers to usb_core.o(.text) for EP1_IN_Callback
    usb_prop.o(.text) refers to usb_pwr.o(.text) for PowerOn
    usb_prop.o(.text) refers to usb_regs.o(.text) for SetBTABLE
    usb_prop.o(.text) refers to usb_core.o(.text) for SetDeviceAddress
    usb_prop.o(.text) refers to usb_init.o(.data) for pInformation
    usb_prop.o(.text) refers to usb_pwr.o(.data) for bDeviceState
    usb_prop.o(.text) refers to usb_desc.o(.constdata) for Camera_ConfigDescriptor
    usb_prop.o(.text) refers to usb_prop.o(.data) for Device_Property
    usb_prop.o(.text) refers to usb_init.o(.bss) for Device_Info
    usb_prop.o(.data) refers to usb_prop.o(.text) for UsbCamera_init
    usb_prop.o(.data) refers to usb_core.o(.text) for NOP_Process
    usb_prop.o(.data) refers to usb_desc.o(.constdata) for Camera_DeviceDescriptor
    usb_prop.o(.data) refers to usb_desc.o(.data) for Camera_StringSerial
    usb_pwr.o(.text) refers to hw_config.o(.text) for Enter_LowPowerMode
    usb_pwr.o(.text) refers to usb_init.o(.data) for wInterrupt_Mask
    usb_pwr.o(.text) refers to usb_pwr.o(.data) for ResumeS
    ejpeg.o(.text) refers to ejpeg.o(.data) for luminance_dc_code_table
    ejpeg.o(.text) refers to ejpeg.o(.bss) for app_Y_QT
    use_no_semi_2.o(.text) refers (Special) to use_no_semi.o(.text) for __use_no_semihosting_swi
    __main.o(!!!main) refers to rtentry.o(.ARM.Collect$$rtentry$$00000000) for __rt_entry
    faddsub_clz.o(x$fpl$fadd) refers (Special) to usenofp.o(x$fpl$usenofp) for __I$use$fp
    faddsub_clz.o(x$fpl$fadd) refers to faddsub_clz.o(x$fpl$fsub) for _fsub1
    faddsub_clz.o(x$fpl$fadd) refers to fretinf.o(x$fpl$fretinf) for __fpl_fretinf
    faddsub_clz.o(x$fpl$fadd) refers to fnaninf.o(x$fpl$fnaninf) for __fpl_fnaninf
    faddsub_clz.o(x$fpl$frsb) refers (Special) to usenofp.o(x$fpl$usenofp) for __I$use$fp
    faddsub_clz.o(x$fpl$frsb) refers to faddsub_clz.o(x$fpl$fadd) for _fadd1
    faddsub_clz.o(x$fpl$frsb) refers to faddsub_clz.o(x$fpl$fsub) for _fsub1
    faddsub_clz.o(x$fpl$fsub) refers (Special) to usenofp.o(x$fpl$usenofp) for __I$use$fp
    faddsub_clz.o(x$fpl$fsub) refers to faddsub_clz.o(x$fpl$fadd) for _fadd1
    faddsub_clz.o(x$fpl$fsub) refers to fnaninf.o(x$fpl$fnaninf) for __fpl_fnaninf
    fdiv.o(x$fpl$frdiv) refers (Special) to usenofp.o(x$fpl$usenofp) for __I$use$fp
    fdiv.o(x$fpl$frdiv) refers to fdiv.o(x$fpl$fdiv) for _fdiv1
    fdiv.o(x$fpl$fdiv) refers (Special) to usenofp.o(x$fpl$usenofp) for __I$use$fp
    fdiv.o(x$fpl$fdiv) refers to fretinf.o(x$fpl$fretinf) for __fpl_fretinf
    fdiv.o(x$fpl$fdiv) refers to fnaninf.o(x$fpl$fnaninf) for __fpl_fnaninf
    ffixu.o(x$fpl$ffixu) refers (Special) to usenofp.o(x$fpl$usenofp) for __I$use$fp
    ffixu.o(x$fpl$ffixu) refers to fnaninf.o(x$fpl$fnaninf) for __fpl_fnaninf
    ffixu.o(x$fpl$ffixur) refers (Special) to usenofp.o(x$fpl$usenofp) for __I$use$fp
    ffixu.o(x$fpl$ffixur) refers to fnaninf.o(x$fpl$fnaninf) for __fpl_fnaninf
    fflt_clz.o(x$fpl$ffltu) refers (Special) to usenofp.o(x$fpl$usenofp) for __I$use$fp
    fflt_clz.o(x$fpl$fflt) refers (Special) to usenofp.o(x$fpl$usenofp) for __I$use$fp
    fflt_clz.o(x$fpl$ffltn) refers (Special) to usenofp.o(x$fpl$usenofp) for __I$use$fp
    fmul.o(x$fpl$fmul) refers (Special) to usenofp.o(x$fpl$usenofp) for __I$use$fp
    fmul.o(x$fpl$fmul) refers to fretinf.o(x$fpl$fretinf) for __fpl_fretinf
    fmul.o(x$fpl$fmul) refers to fnaninf.o(x$fpl$fnaninf) for __fpl_fnaninf
    rtentry.o(.ARM.Collect$$rtentry$$00000000) refers (Special) to rtentry2.o(.ARM.Collect$$rtentry$$0000000A) for __rt_entry_li
    rtentry.o(.ARM.Collect$$rtentry$$00000000) refers (Special) to rtentry2.o(.ARM.Collect$$rtentry$$0000000D) for __rt_entry_main
    rtentry.o(.ARM.Collect$$rtentry$$00000000) refers (Special) to rtentry2.o(.ARM.Collect$$rtentry$$0000000C) for __rt_entry_postli_1
    rtentry.o(.ARM.Collect$$rtentry$$00000000) refers (Special) to rtentry2.o(.ARM.Collect$$rtentry$$00000009) for __rt_entry_postsh_1
    rtentry.o(.ARM.Collect$$rtentry$$00000000) refers (Special) to rtentry2.o(.ARM.Collect$$rtentry$$00000002) for __rt_entry_presh_1
    rtentry.o(.ARM.Collect$$rtentry$$00000000) refers (Special) to rtentry4.o(.ARM.Collect$$rtentry$$00000004) for __rt_entry_sh
    fnaninf.o(x$fpl$fnaninf) refers (Special) to usenofp.o(x$fpl$usenofp) for __I$use$fp
    fretinf.o(x$fpl$fretinf) refers (Special) to usenofp.o(x$fpl$usenofp) for __I$use$fp
    rtentry2.o(.ARM.Collect$$rtentry$$00000008) refers to boardinit2.o(.text) for _platform_post_stackheap_init
    rtentry2.o(.ARM.Collect$$rtentry$$0000000A) refers to libinit.o(.ARM.Collect$$libinit$$00000000) for __rt_lib_init
    rtentry2.o(.ARM.Collect$$rtentry$$0000000B) refers to boardinit3.o(.text) for _platform_post_lib_init
    rtentry2.o(.ARM.Collect$$rtentry$$0000000D) refers to test.o(.text) for main
    rtentry2.o(.ARM.Collect$$rtentry$$0000000D) refers to exit.o(.text) for exit
    rtentry2.o(.ARM.exidx) refers to rtentry2.o(.ARM.Collect$$rtentry$$00000001) for .ARM.Collect$$rtentry$$00000001
    rtentry2.o(.ARM.exidx) refers to rtentry2.o(.ARM.Collect$$rtentry$$00000008) for .ARM.Collect$$rtentry$$00000008
    rtentry2.o(.ARM.exidx) refers to rtentry2.o(.ARM.Collect$$rtentry$$0000000A) for .ARM.Collect$$rtentry$$0000000A
    rtentry2.o(.ARM.exidx) refers to rtentry2.o(.ARM.Collect$$rtentry$$0000000B) for .ARM.Collect$$rtentry$$0000000B
    rtentry2.o(.ARM.exidx) refers to rtentry2.o(.ARM.Collect$$rtentry$$0000000D) for .ARM.Collect$$rtentry$$0000000D
    rtentry4.o(.ARM.Collect$$rtentry$$00000004) refers to sys_stackheap_outer.o(.text) for __user_setup_stackheap
    rtentry4.o(.ARM.exidx) refers to rtentry4.o(.ARM.Collect$$rtentry$$00000004) for .ARM.Collect$$rtentry$$00000004
    sys_stackheap_outer.o(.text) refers to libspace.o(.text) for __user_perproc_libspace
    sys_stackheap_outer.o(.text) refers to startup_stm32f10x_hd.o(.text) for __user_initial_stackheap
    exit.o(.text) refers to rtexit.o(.ARM.Collect$$rtexit$$00000000) for __rt_exit
    libinit.o(.ARM.Collect$$libinit$$00000000) refers (Special) to libinit2.o(.ARM.Collect$$libinit$$0000002C) for __rt_lib_init_alloca_1
    libinit.o(.ARM.Collect$$libinit$$00000000) refers (Special) to libinit2.o(.ARM.Collect$$libinit$$0000002A) for __rt_lib_init_argv_1
    libinit.o(.ARM.Collect$$libinit$$00000000) refers (Special) to libinit2.o(.ARM.Collect$$libinit$$00000019) for __rt_lib_init_atexit_1
    libinit.o(.ARM.Collect$$libinit$$00000000) refers (Special) to libinit2.o(.ARM.Collect$$libinit$$0000001F) for __rt_lib_init_clock_1
    libinit.o(.ARM.Collect$$libinit$$00000000) refers (Special) to libinit2.o(.ARM.Collect$$libinit$$00000030) for __rt_lib_init_cpp_1
    libinit.o(.ARM.Collect$$libinit$$00000000) refers (Special) to libinit2.o(.ARM.Collect$$libinit$$0000002E) for __rt_lib_init_exceptions_1
    libinit.o(.ARM.Collect$$libinit$$00000000) refers (Special) to libinit2.o(.ARM.Collect$$libinit$$00000002) for __rt_lib_init_fp_1
    libinit.o(.ARM.Collect$$libinit$$00000000) refers (Special) to libinit2.o(.ARM.Collect$$libinit$$0000001D) for __rt_lib_init_fp_trap_1
    libinit.o(.ARM.Collect$$libinit$$00000000) refers (Special) to libinit2.o(.ARM.Collect$$libinit$$00000021) for __rt_lib_init_getenv_1
    libinit.o(.ARM.Collect$$libinit$$00000000) refers (Special) to libinit2.o(.ARM.Collect$$libinit$$00000008) for __rt_lib_init_heap_1
    libinit.o(.ARM.Collect$$libinit$$00000000) refers (Special) to libinit2.o(.ARM.Collect$$libinit$$0000000F) for __rt_lib_init_lc_collate_1
    libinit.o(.ARM.Collect$$libinit$$00000000) refers (Special) to libinit2.o(.ARM.Collect$$libinit$$00000011) for __rt_lib_init_lc_ctype_1
    libinit.o(.ARM.Collect$$libinit$$00000000) refers (Special) to libinit2.o(.ARM.Collect$$libinit$$00000013) for __rt_lib_init_lc_monetary_1
    libinit.o(.ARM.Collect$$libinit$$00000000) refers (Special) to libinit2.o(.ARM.Collect$$libinit$$00000015) for __rt_lib_init_lc_numeric_1
    libinit.o(.ARM.Collect$$libinit$$00000000) refers (Special) to libinit2.o(.ARM.Collect$$libinit$$00000017) for __rt_lib_init_lc_time_1
    libinit.o(.ARM.Collect$$libinit$$00000000) refers (Special) to libinit2.o(.ARM.Collect$$libinit$$0000000C) for __rt_lib_init_rand_1
    libinit.o(.ARM.Collect$$libinit$$00000000) refers (Special) to libinit2.o(.ARM.Collect$$libinit$$00000031) for __rt_lib_init_return
    libinit.o(.ARM.Collect$$libinit$$00000000) refers (Special) to libinit2.o(.ARM.Collect$$libinit$$0000001B) for __rt_lib_init_signal_1
    libinit.o(.ARM.Collect$$libinit$$00000000) refers (Special) to libinit2.o(.ARM.Collect$$libinit$$00000023) for __rt_lib_init_stdio_1
    libinit.o(.ARM.Collect$$libinit$$00000000) refers (Special) to libinit2.o(.ARM.Collect$$libinit$$0000000A) for __rt_lib_init_user_alloc_1
    libspace.o(.text) refers to libspace.o(.bss) for __libspace_start
    rtexit.o(.ARM.Collect$$rtexit$$00000000) refers (Special) to rtexit2.o(.ARM.Collect$$rtexit$$00000004) for __rt_exit_exit
    rtexit.o(.ARM.Collect$$rtexit$$00000000) refers (Special) to rtexit2.o(.ARM.Collect$$rtexit$$00000003) for __rt_exit_ls
    rtexit.o(.ARM.Collect$$rtexit$$00000000) refers (Special) to rtexit2.o(.ARM.Collect$$rtexit$$00000002) for __rt_exit_prels_1
    rtexit.o(.ARM.exidx) refers (Special) to rtexit2.o(.ARM.Collect$$rtexit$$00000004) for __rt_exit_exit
    rtexit.o(.ARM.exidx) refers (Special) to rtexit2.o(.ARM.Collect$$rtexit$$00000003) for __rt_exit_ls
    rtexit.o(.ARM.exidx) refers (Special) to rtexit2.o(.ARM.Collect$$rtexit$$00000002) for __rt_exit_prels_1
    rtexit.o(.ARM.exidx) refers to rtexit.o(.ARM.Collect$$rtexit$$00000000) for .ARM.Collect$$rtexit$$00000000
    libinit2.o(.ARM.Collect$$libinit$$0000000E) refers to libinit2.o(.ARM.Collect$$libinit$$0000000D) for .ARM.Collect$$libinit$$0000000D
    libinit2.o(.ARM.Collect$$libinit$$00000010) refers to libinit2.o(.ARM.Collect$$libinit$$0000000D) for .ARM.Collect$$libinit$$0000000D
    libinit2.o(.ARM.Collect$$libinit$$00000012) refers to libinit2.o(.ARM.Collect$$libinit$$0000000D) for .ARM.Collect$$libinit$$0000000D
    libinit2.o(.ARM.Collect$$libinit$$00000014) refers to libinit2.o(.ARM.Collect$$libinit$$0000000D) for .ARM.Collect$$libinit$$0000000D
    libinit2.o(.ARM.Collect$$libinit$$00000016) refers to libinit2.o(.ARM.Collect$$libinit$$0000000D) for .ARM.Collect$$libinit$$0000000D
    libinit2.o(.ARM.Collect$$libinit$$00000024) refers to argv_veneer.o(.emb_text) for __ARM_argv_veneer
    libinit2.o(.ARM.Collect$$libinit$$00000025) refers to argv_veneer.o(.emb_text) for __ARM_argv_veneer
    rtexit2.o(.ARM.Collect$$rtexit$$00000003) refers to libshutdown.o(.ARM.Collect$$libshutdown$$00000000) for __rt_lib_shutdown
    rtexit2.o(.ARM.Collect$$rtexit$$00000004) refers to usart.o(.text) for _sys_exit
    rtexit2.o(.ARM.exidx) refers to rtexit2.o(.ARM.Collect$$rtexit$$00000001) for .ARM.Collect$$rtexit$$00000001
    rtexit2.o(.ARM.exidx) refers to rtexit2.o(.ARM.Collect$$rtexit$$00000003) for .ARM.Collect$$rtexit$$00000003
    rtexit2.o(.ARM.exidx) refers to rtexit2.o(.ARM.Collect$$rtexit$$00000004) for .ARM.Collect$$rtexit$$00000004
    argv_veneer.o(.emb_text) refers to no_argv.o(.text) for __ARM_get_argv
    _get_argv_nomalloc.o(.text) refers (Special) to hrguard.o(.text) for __heap_region$guard
    _get_argv_nomalloc.o(.text) refers to defsig_rtmem_outer.o(.text) for __rt_SIGRTMEM
    _get_argv_nomalloc.o(.text) refers to sys_command.o(.text) for _sys_command_string
    libshutdown.o(.ARM.Collect$$libshutdown$$00000000) refers (Special) to libshutdown2.o(.ARM.Collect$$libshutdown$$00000006) for __rt_lib_shutdown_fp_trap_1
    libshutdown.o(.ARM.Collect$$libshutdown$$00000000) refers (Special) to libshutdown2.o(.ARM.Collect$$libshutdown$$0000000E) for __rt_lib_shutdown_heap_1
    libshutdown.o(.ARM.Collect$$libshutdown$$00000000) refers (Special) to libshutdown2.o(.ARM.Collect$$libshutdown$$0000000F) for __rt_lib_shutdown_return
    libshutdown.o(.ARM.Collect$$libshutdown$$00000000) refers (Special) to libshutdown2.o(.ARM.Collect$$libshutdown$$00000009) for __rt_lib_shutdown_signal_1
    libshutdown.o(.ARM.Collect$$libshutdown$$00000000) refers (Special) to libshutdown2.o(.ARM.Collect$$libshutdown$$00000003) for __rt_lib_shutdown_stdio_1
    libshutdown.o(.ARM.Collect$$libshutdown$$00000000) refers (Special) to libshutdown2.o(.ARM.Collect$$libshutdown$$0000000B) for __rt_lib_shutdown_user_alloc_1
    sys_command.o(.text) refers (Special) to use_no_semi.o(.text) for __I$use$semihosting
    sys_command.o(.text) refers (Special) to indicate_semi.o(.text) for __semihosting_library_function
    defsig_rtmem_outer.o(.text) refers to defsig_rtmem_inner.o(.text) for __rt_SIGRTMEM_inner
    defsig_rtmem_outer.o(.text) refers to defsig_exit.o(.text) for __sig_exit
    defsig_rtmem_formal.o(.text) refers to rt_raise.o(.text) for __rt_raise
    rt_raise.o(.text) refers to __raise.o(.text) for __raise
    rt_raise.o(.text) refers to usart.o(.text) for _sys_exit
    defsig_exit.o(.text) refers to usart.o(.text) for _sys_exit
    defsig_rtmem_inner.o(.text) refers to defsig_general.o(.text) for __default_signal_display
    __raise.o(.text) refers to defsig.o(CL$$defsig) for __default_signal_handler
    defsig_general.o(.text) refers to sys_wrch.o(.text) for _ttywrch
    sys_wrch.o(.text) refers (Special) to use_no_semi.o(.text) for __I$use$semihosting
    sys_wrch.o(.text) refers (Special) to indicate_semi.o(.text) for __semihosting_library_function
    defsig.o(CL$$defsig) refers to defsig_rtmem_inner.o(.text) for __rt_SIGRTMEM_inner
    defsig_abrt_inner.o(.text) refers to defsig_general.o(.text) for __default_signal_display
    defsig_fpe_inner.o(.text) refers to defsig_general.o(.text) for __default_signal_display
    defsig_rtred_inner.o(.text) refers to defsig_general.o(.text) for __default_signal_display
    defsig_stak_inner.o(.text) refers to defsig_general.o(.text) for __default_signal_display
    defsig_pvfn_inner.o(.text) refers to defsig_general.o(.text) for __default_signal_display
    defsig_cppl_inner.o(.text) refers to defsig_general.o(.text) for __default_signal_display
    defsig_segv_inner.o(.text) refers to defsig_general.o(.text) for __default_signal_display
    defsig_other.o(.text) refers to defsig_general.o(.text) for __default_signal_display


==============================================================================

Removing Unused input sections from the image.

    Removing test.o(.rev16_text), (4 bytes).
    Removing test.o(.revsh_text), (4 bytes).
    Removing delay.o(.rev16_text), (4 bytes).
    Removing delay.o(.revsh_text), (4 bytes).
    Removing delay.o(.text), (176 bytes).
    Removing delay.o(.data), (4 bytes).
    Removing sys.o(.rev16_text), (4 bytes).
    Removing sys.o(.revsh_text), (4 bytes).
    Removing usart.o(.rev16_text), (4 bytes).
    Removing usart.o(.revsh_text), (4 bytes).
    Removing hw_config.o(.rev16_text), (4 bytes).
    Removing hw_config.o(.revsh_text), (4 bytes).
    Removing stm32f10x_it.o(.rev16_text), (4 bytes).
    Removing stm32f10x_it.o(.revsh_text), (4 bytes).
    Removing usb_pwr.o(.rev16_text), (4 bytes).
    Removing usb_pwr.o(.revsh_text), (4 bytes).
    Removing ejpeg.o(.text), (4632 bytes).
    Removing ejpeg.o(.bss), (1244 bytes).
    Removing ejpeg.o(.data), (1760 bytes).

19 unused section(s) (total 7872 bytes) removed from the image.

==============================================================================

Image Symbol Table

    Local Symbols

    Symbol Name                              Value     Ov Type        Size  Object(Section)

    ../clib/angel/boardlib.s                 0x00000000   Number         0  boardinit2.o ABSOLUTE
    ../clib/angel/boardlib.s                 0x00000000   Number         0  boardinit3.o ABSOLUTE
    ../clib/angel/boardlib.s                 0x00000000   Number         0  boardinit1.o ABSOLUTE
    ../clib/angel/boardlib.s                 0x00000000   Number         0  boardshut.o ABSOLUTE
    ../clib/angel/dczerorl2.s                0x00000000   Number         0  __dczerorl2.o ABSOLUTE
    ../clib/angel/handlers.s                 0x00000000   Number         0  __scatter_zi.o ABSOLUTE
    ../clib/angel/kernel.s                   0x00000000   Number         0  rtexit.o ABSOLUTE
    ../clib/angel/kernel.s                   0x00000000   Number         0  rtentry4.o ABSOLUTE
    ../clib/angel/kernel.s                   0x00000000   Number         0  rtentry.o ABSOLUTE
    ../clib/angel/kernel.s                   0x00000000   Number         0  rtexit2.o ABSOLUTE
    ../clib/angel/kernel.s                   0x00000000   Number         0  rtentry2.o ABSOLUTE
    ../clib/angel/rt.s                       0x00000000   Number         0  rt_raise.o ABSOLUTE
    ../clib/angel/scatter.s                  0x00000000   Number         0  __scatter.o ABSOLUTE
    ../clib/angel/startup.s                  0x00000000   Number         0  __main.o ABSOLUTE
    ../clib/angel/sys.s                      0x00000000   Number         0  sys_stackheap_outer.o ABSOLUTE
    ../clib/angel/sys.s                      0x00000000   Number         0  use_no_semi.o ABSOLUTE
    ../clib/angel/sys.s                      0x00000000   Number         0  use_no_semi_2.o ABSOLUTE
    ../clib/angel/sys.s                      0x00000000   Number         0  indicate_semi.o ABSOLUTE
    ../clib/angel/sys.s                      0x00000000   Number         0  libspace.o ABSOLUTE
    ../clib/angel/sysapp.c                   0x00000000   Number         0  sys_wrch.o ABSOLUTE
    ../clib/angel/sysapp.c                   0x00000000   Number         0  sys_command.o ABSOLUTE
    ../clib/armsys.c                         0x00000000   Number         0  argv_veneer.o ABSOLUTE
    ../clib/armsys.c                         0x00000000   Number         0  argv_veneer.o ABSOLUTE
    ../clib/armsys.c                         0x00000000   Number         0  _get_argv_nomalloc.o ABSOLUTE
    ../clib/armsys.c                         0x00000000   Number         0  no_argv.o ABSOLUTE
    ../clib/heapalloc.c                      0x00000000   Number         0  hrguard.o ABSOLUTE
    ../clib/heapaux.c                        0x00000000   Number         0  heapauxi.o ABSOLUTE
    ../clib/libinit.s                        0x00000000   Number         0  libinit2.o ABSOLUTE
    ../clib/libinit.s                        0x00000000   Number         0  libshutdown2.o ABSOLUTE
    ../clib/libinit.s                        0x00000000   Number         0  libinit.o ABSOLUTE
    ../clib/libinit.s                        0x00000000   Number         0  libshutdown.o ABSOLUTE
    ../clib/signal.c                         0x00000000   Number         0  defsig_cppl_inner.o ABSOLUTE
    ../clib/signal.c                         0x00000000   Number         0  defsig_rtmem_formal.o ABSOLUTE
    ../clib/signal.c                         0x00000000   Number         0  defsig_general.o ABSOLUTE
    ../clib/signal.c                         0x00000000   Number         0  defsig_pvfn_inner.o ABSOLUTE
    ../clib/signal.c                         0x00000000   Number         0  defsig_stak_inner.o ABSOLUTE
    ../clib/signal.c                         0x00000000   Number         0  defsig_rtmem_inner.o ABSOLUTE
    ../clib/signal.c                         0x00000000   Number         0  defsig_rtred_inner.o ABSOLUTE
    ../clib/signal.c                         0x00000000   Number         0  defsig_exit.o ABSOLUTE
    ../clib/signal.c                         0x00000000   Number         0  defsig_segv_inner.o ABSOLUTE
    ../clib/signal.c                         0x00000000   Number         0  defsig_fpe_inner.o ABSOLUTE
    ../clib/signal.c                         0x00000000   Number         0  defsig_rtmem_outer.o ABSOLUTE
    ../clib/signal.c                         0x00000000   Number         0  defsig_other.o ABSOLUTE
    ../clib/signal.c                         0x00000000   Number         0  defsig_abrt_inner.o ABSOLUTE
    ../clib/signal.c                         0x00000000   Number         0  __raise.o ABSOLUTE
    ../clib/signal.s                         0x00000000   Number         0  defsig.o ABSOLUTE
    ../clib/stdlib.c                         0x00000000   Number         0  exit.o ABSOLUTE
    ../fplib/faddsub.s                       0x00000000   Number         0  faddsub_clz.o ABSOLUTE
    ../fplib/fdiv.s                          0x00000000   Number         0  fdiv.o ABSOLUTE
    ../fplib/ffixu.s                         0x00000000   Number         0  ffixu.o ABSOLUTE
    ../fplib/fflt.s                          0x00000000   Number         0  fflt_clz.o ABSOLUTE
    ../fplib/fmul.s                          0x00000000   Number         0  fmul.o ABSOLUTE
    ../fplib/fnaninf.s                       0x00000000   Number         0  fnaninf.o ABSOLUTE
    ../fplib/fpinit.s                        0x00000000   Number         0  fpinit.o ABSOLUTE
    ../fplib/fretinf.s                       0x00000000   Number         0  fretinf.o ABSOLUTE
    ../fplib/usenofp.s                       0x00000000   Number         0  usenofp.o ABSOLUTE
    ..\SYSTEM\delay\delay.c                  0x00000000   Number         0  delay.o ABSOLUTE
    ..\SYSTEM\sys\sys.c                      0x00000000   Number         0  sys.o ABSOLUTE
    ..\SYSTEM\usart\usart.c                  0x00000000   Number         0  usart.o ABSOLUTE
    ..\USB\CONFIG\hw_config.c                0x00000000   Number         0  hw_config.o ABSOLUTE
    ..\USB\CONFIG\stm32f10x_it.c             0x00000000   Number         0  stm32f10x_it.o ABSOLUTE
    ..\USB\CONFIG\usb_desc.c                 0x00000000   Number         0  usb_desc.o ABSOLUTE
    ..\USB\CONFIG\usb_istr.c                 0x00000000   Number         0  usb_istr.o ABSOLUTE
    ..\USB\CONFIG\usb_prop.c                 0x00000000   Number         0  usb_prop.o ABSOLUTE
    ..\USB\CONFIG\usb_pwr.c                  0x00000000   Number         0  usb_pwr.o ABSOLUTE
    ..\USB\JPEGEncoder\ejpeg.c               0x00000000   Number         0  ejpeg.o ABSOLUTE
    ..\USB\JPEGEncoder\srcjpg.c              0x00000000   Number         0  srcjpg.o ABSOLUTE
    ..\USB\LIB\usb_core.c                    0x00000000   Number         0  usb_core.o ABSOLUTE
    ..\USB\LIB\usb_init.c                    0x00000000   Number         0  usb_init.o ABSOLUTE
    ..\USB\LIB\usb_int.c                     0x00000000   Number         0  usb_int.o ABSOLUTE
    ..\USB\LIB\usb_mem.c                     0x00000000   Number         0  usb_mem.o ABSOLUTE
    ..\USB\LIB\usb_regs.c                    0x00000000   Number         0  usb_regs.o ABSOLUTE
    ..\\SYSTEM\\delay\\delay.c               0x00000000   Number         0  delay.o ABSOLUTE
    ..\\SYSTEM\\sys\\sys.c                   0x00000000   Number         0  sys.o ABSOLUTE
    ..\\SYSTEM\\usart\\usart.c               0x00000000   Number         0  usart.o ABSOLUTE
    ..\\USB\\CONFIG\\hw_config.c             0x00000000   Number         0  hw_config.o ABSOLUTE
    ..\\USB\\CONFIG\\stm32f10x_it.c          0x00000000   Number         0  stm32f10x_it.o ABSOLUTE
    ..\\USB\\CONFIG\\usb_pwr.c               0x00000000   Number         0  usb_pwr.o ABSOLUTE
    dc.s                                     0x00000000   Number         0  dc.o ABSOLUTE
    startup_stm32f10x_hd.s                   0x00000000   Number         0  startup_stm32f10x_hd.o ABSOLUTE
    test.c                                   0x00000000   Number         0  test.o ABSOLUTE
    test.c                                   0x00000000   Number         0  test.o ABSOLUTE
    RESET                                    0x08000000   Section      304  startup_stm32f10x_hd.o(RESET)
    !!!main                                  0x08000130   Section        8  __main.o(!!!main)
    !!!scatter                               0x08000138   Section       52  __scatter.o(!!!scatter)
    !!dczerorl2                              0x0800016c   Section       90  __dczerorl2.o(!!dczerorl2)
    !!handler_zi                             0x080001c8   Section       28  __scatter_zi.o(!!handler_zi)
    .ARM.Collect$$libinit$$00000000          0x080001e4   Section        2  libinit.o(.ARM.Collect$$libinit$$00000000)
    .ARM.Collect$$libinit$$00000002          0x080001e6   Section        0  libinit2.o(.ARM.Collect$$libinit$$00000002)
    .ARM.Collect$$libinit$$00000008          0x080001e6   Section        0  libinit2.o(.ARM.Collect$$libinit$$00000008)
    .ARM.Collect$$libinit$$0000000A          0x080001e6   Section        0  libinit2.o(.ARM.Collect$$libinit$$0000000A)
    .ARM.Collect$$libinit$$0000000C          0x080001e6   Section        0  libinit2.o(.ARM.Collect$$libinit$$0000000C)
    .ARM.Collect$$libinit$$0000000F          0x080001e6   Section        0  libinit2.o(.ARM.Collect$$libinit$$0000000F)
    .ARM.Collect$$libinit$$00000011          0x080001e6   Section        0  libinit2.o(.ARM.Collect$$libinit$$00000011)
    .ARM.Collect$$libinit$$00000013          0x080001e6   Section        0  libinit2.o(.ARM.Collect$$libinit$$00000013)
    .ARM.Collect$$libinit$$00000015          0x080001e6   Section        0  libinit2.o(.ARM.Collect$$libinit$$00000015)
    .ARM.Collect$$libinit$$00000017          0x080001e6   Section        0  libinit2.o(.ARM.Collect$$libinit$$00000017)
    .ARM.Collect$$libinit$$00000019          0x080001e6   Section        0  libinit2.o(.ARM.Collect$$libinit$$00000019)
    .ARM.Collect$$libinit$$0000001B          0x080001e6   Section        0  libinit2.o(.ARM.Collect$$libinit$$0000001B)
    .ARM.Collect$$libinit$$0000001D          0x080001e6   Section        0  libinit2.o(.ARM.Collect$$libinit$$0000001D)
    .ARM.Collect$$libinit$$0000001F          0x080001e6   Section        0  libinit2.o(.ARM.Collect$$libinit$$0000001F)
    .ARM.Collect$$libinit$$00000021          0x080001e6   Section        0  libinit2.o(.ARM.Collect$$libinit$$00000021)
    .ARM.Collect$$libinit$$00000023          0x080001e6   Section        0  libinit2.o(.ARM.Collect$$libinit$$00000023)
    .ARM.Collect$$libinit$$0000002A          0x080001e6   Section        0  libinit2.o(.ARM.Collect$$libinit$$0000002A)
    .ARM.Collect$$libinit$$0000002C          0x080001e6   Section        0  libinit2.o(.ARM.Collect$$libinit$$0000002C)
    .ARM.Collect$$libinit$$0000002E          0x080001e6   Section        0  libinit2.o(.ARM.Collect$$libinit$$0000002E)
    .ARM.Collect$$libinit$$00000030          0x080001e6   Section        0  libinit2.o(.ARM.Collect$$libinit$$00000030)
    .ARM.Collect$$libinit$$00000031          0x080001e6   Section        2  libinit2.o(.ARM.Collect$$libinit$$00000031)
    .ARM.Collect$$libshutdown$$00000000      0x080001e8   Section        2  libshutdown.o(.ARM.Collect$$libshutdown$$00000000)
    .ARM.Collect$$libshutdown$$00000003      0x080001ea   Section        0  libshutdown2.o(.ARM.Collect$$libshutdown$$00000003)
    .ARM.Collect$$libshutdown$$00000006      0x080001ea   Section        0  libshutdown2.o(.ARM.Collect$$libshutdown$$00000006)
    .ARM.Collect$$libshutdown$$00000009      0x080001ea   Section        0  libshutdown2.o(.ARM.Collect$$libshutdown$$00000009)
    .ARM.Collect$$libshutdown$$0000000B      0x080001ea   Section        0  libshutdown2.o(.ARM.Collect$$libshutdown$$0000000B)
    .ARM.Collect$$libshutdown$$0000000E      0x080001ea   Section        0  libshutdown2.o(.ARM.Collect$$libshutdown$$0000000E)
    .ARM.Collect$$libshutdown$$0000000F      0x080001ea   Section        2  libshutdown2.o(.ARM.Collect$$libshutdown$$0000000F)
    .ARM.Collect$$rtentry$$00000000          0x080001ec   Section        0  rtentry.o(.ARM.Collect$$rtentry$$00000000)
    .ARM.Collect$$rtentry$$00000002          0x080001ec   Section        0  rtentry2.o(.ARM.Collect$$rtentry$$00000002)
    .ARM.Collect$$rtentry$$00000004          0x080001ec   Section        6  rtentry4.o(.ARM.Collect$$rtentry$$00000004)
    .ARM.Collect$$rtentry$$00000009          0x080001f2   Section        0  rtentry2.o(.ARM.Collect$$rtentry$$00000009)
    .ARM.Collect$$rtentry$$0000000A          0x080001f2   Section        4  rtentry2.o(.ARM.Collect$$rtentry$$0000000A)
    .ARM.Collect$$rtentry$$0000000C          0x080001f6   Section        0  rtentry2.o(.ARM.Collect$$rtentry$$0000000C)
    .ARM.Collect$$rtentry$$0000000D          0x080001f6   Section        8  rtentry2.o(.ARM.Collect$$rtentry$$0000000D)
    .ARM.Collect$$rtexit$$00000000           0x080001fe   Section        2  rtexit.o(.ARM.Collect$$rtexit$$00000000)
    .ARM.Collect$$rtexit$$00000002           0x08000200   Section        0  rtexit2.o(.ARM.Collect$$rtexit$$00000002)
    .ARM.Collect$$rtexit$$00000003           0x08000200   Section        4  rtexit2.o(.ARM.Collect$$rtexit$$00000003)
    .ARM.Collect$$rtexit$$00000004           0x08000204   Section        6  rtexit2.o(.ARM.Collect$$rtexit$$00000004)
    .emb_text                                0x0800020c   Section       12  sys.o(.emb_text)
    .text                                    0x08000218   Section       72  startup_stm32f10x_hd.o(.text)
    .text                                    0x08000260   Section        0  test.o(.text)
    .text                                    0x080002d0   Section        0  sys.o(.text)
    .text                                    0x08000588   Section        0  usart.o(.text)
    .text                                    0x0800070c   Section        0  usb_core.o(.text)
    DataStageOut                             0x08000b1f   Thumb Code   166  usb_core.o(.text)
    DataStageIn                              0x08000bc5   Thumb Code   166  usb_core.o(.text)
    NoData_Setup0                            0x08000c6b   Thumb Code   302  usb_core.o(.text)
    Data_Setup0                              0x08000d99   Thumb Code   676  usb_core.o(.text)
    .text                                    0x08001234   Section        0  usb_init.o(.text)
    .text                                    0x08001270   Section        0  usb_int.o(.text)
    .text                                    0x08001644   Section        0  usb_mem.o(.text)
    .text                                    0x080016a0   Section        0  usb_regs.o(.text)
    .text                                    0x08001e58   Section        0  hw_config.o(.text)
    .text                                    0x08002038   Section        0  stm32f10x_it.o(.text)
    .text                                    0x08002054   Section        0  usb_istr.o(.text)
    .text                                    0x0800214c   Section        0  usb_prop.o(.text)
    .text                                    0x08002360   Section        0  usb_pwr.o(.text)
    .text                                    0x0800249c   Section        2  use_no_semi_2.o(.text)
    .text                                    0x0800249e   Section        0  heapauxi.o(.text)
    .text                                    0x080024a4   Section        2  use_no_semi.o(.text)
    .text                                    0x080024a6   Section       74  sys_stackheap_outer.o(.text)
    .text                                    0x080024f0   Section        0  exit.o(.text)
    .text                                    0x080024fc   Section        8  libspace.o(.text)
    x$fpl$fadd                               0x08002504   Section      196  faddsub_clz.o(x$fpl$fadd)
    _fadd1                                   0x08002513   Thumb Code     0  faddsub_clz.o(x$fpl$fadd)
    x$fpl$fdiv                               0x080025c8   Section      388  fdiv.o(x$fpl$fdiv)
    _fdiv1                                   0x080025c9   Thumb Code     0  fdiv.o(x$fpl$fdiv)
    x$fpl$ffixu                              0x0800274c   Section       62  ffixu.o(x$fpl$ffixu)
    x$fpl$ffltu                              0x0800278c   Section       38  fflt_clz.o(x$fpl$ffltu)
    x$fpl$fmul                               0x080027b4   Section      258  fmul.o(x$fpl$fmul)
    x$fpl$fnaninf                            0x080028b6   Section      140  fnaninf.o(x$fpl$fnaninf)
    x$fpl$fretinf                            0x08002942   Section       10  fretinf.o(x$fpl$fretinf)
    x$fpl$frsb                               0x0800294c   Section       20  faddsub_clz.o(x$fpl$frsb)
    x$fpl$fsub                               0x08002960   Section      234  faddsub_clz.o(x$fpl$fsub)
    _fsub1                                   0x0800296f   Thumb Code     0  faddsub_clz.o(x$fpl$fsub)
    .constdata                               0x08002a4a   Section      278  usb_desc.o(.constdata)
    x$fpl$usenofp                            0x08002a4a   Section        0  usenofp.o(x$fpl$usenofp)
    .constdata                               0x08002b60   Section    17953  srcjpg.o(.constdata)
    .data                                    0x20000000   Section        6  usart.o(.data)
    .data                                    0x20000006   Section        3  usb_core.o(.data)
    .data                                    0x2000000c   Section       20  usb_init.o(.data)
    .data                                    0x20000020   Section        4  usb_int.o(.data)
    .data                                    0x20000024   Section      180  hw_config.o(.data)
    .data                                    0x200000d8   Section       26  usb_desc.o(.data)
    .data                                    0x200000f4   Section       60  usb_istr.o(.data)
    .data                                    0x20000130   Section      204  usb_prop.o(.data)
    .data                                    0x200001fc   Section        7  usb_pwr.o(.data)
    .bss                                     0x20000204   Section      200  usart.o(.bss)
    .bss                                     0x200002cc   Section       28  usb_init.o(.bss)
    .bss                                     0x200002e8   Section       96  libspace.o(.bss)
    HEAP                                     0x20000348   Section        0  startup_stm32f10x_hd.o(HEAP)
    STACK                                    0x20000348   Section     2048  startup_stm32f10x_hd.o(STACK)
    Heap_Mem                                 0x20000348   Data           0  startup_stm32f10x_hd.o(HEAP)
    Stack_Mem                                0x20000348   Data        2048  startup_stm32f10x_hd.o(STACK)
    __initial_sp                             0x20000b48   Data           0  startup_stm32f10x_hd.o(STACK)

    Global Symbols

    Symbol Name                              Value     Ov Type        Size  Object(Section)

    BuildAttributes$$THM_ISAv4$P$D$K$B$S$PE$A:L22UL41UL21$X:L11$S22US41US21$IEEE1$IW$USESV6$~STKCKD$USESV7$~SHL$OSPACE$ROPI$EBA8$UX$STANDARDLIB$REQ8$PRES8$EABIv2 0x00000000   Number         0  anon$$obj.o ABSOLUTE
    __ARM_use_no_argv                        0x00000000   Number         0  test.o ABSOLUTE
    __ARM_exceptions_init                     - Undefined Weak Reference
    __alloca_initialize                       - Undefined Weak Reference
    __cpp_initialize__aeabi_                  - Undefined Weak Reference
    __cxa_finalize                            - Undefined Weak Reference
    __rt_locale                               - Undefined Weak Reference
    __sigvec_lookup                           - Undefined Weak Reference
    _atexit_init                              - Undefined Weak Reference
    _call_atexit_fns                          - Undefined Weak Reference
    _clock_init                               - Undefined Weak Reference
    _fp_trap_init                             - Undefined Weak Reference
    _fp_trap_shutdown                         - Undefined Weak Reference
    _get_lc_collate                           - Undefined Weak Reference
    _get_lc_ctype                             - Undefined Weak Reference
    _get_lc_monetary                          - Undefined Weak Reference
    _get_lc_numeric                           - Undefined Weak Reference
    _get_lc_time                              - Undefined Weak Reference
    _getenv_init                              - Undefined Weak Reference
    _handle_redirection                       - Undefined Weak Reference
    _init_alloc                               - Undefined Weak Reference
    _init_user_alloc                          - Undefined Weak Reference
    _initio                                   - Undefined Weak Reference
    _rand_init                                - Undefined Weak Reference
    _signal_finish                            - Undefined Weak Reference
    _signal_init                              - Undefined Weak Reference
    _terminate_alloc                          - Undefined Weak Reference
    _terminate_user_alloc                     - Undefined Weak Reference
    _terminateio                              - Undefined Weak Reference
    __Vectors_Size                           0x00000130   Number         0  startup_stm32f10x_hd.o ABSOLUTE
    __Vectors                                0x08000000   Data           4  startup_stm32f10x_hd.o(RESET)
    __Vectors_End                            0x08000130   Data           0  startup_stm32f10x_hd.o(RESET)
    __main                                   0x08000131   Thumb Code     8  __main.o(!!!main)
    __scatterload                            0x08000139   Thumb Code     0  __scatter.o(!!!scatter)
    __scatterload_rt2                        0x08000139   Thumb Code    44  __scatter.o(!!!scatter)
    __scatterload_rt2_thumb_only             0x08000139   Thumb Code     0  __scatter.o(!!!scatter)
    __scatterload_null                       0x08000147   Thumb Code     0  __scatter.o(!!!scatter)
    __decompress                             0x0800016d   Thumb Code    90  __dczerorl2.o(!!dczerorl2)
    __decompress1                            0x0800016d   Thumb Code     0  __dczerorl2.o(!!dczerorl2)
    __scatterload_zeroinit                   0x080001c9   Thumb Code    28  __scatter_zi.o(!!handler_zi)
    __rt_lib_init                            0x080001e5   Thumb Code     0  libinit.o(.ARM.Collect$$libinit$$00000000)
    __rt_lib_init_alloca_1                   0x080001e7   Thumb Code     0  libinit2.o(.ARM.Collect$$libinit$$0000002C)
    __rt_lib_init_argv_1                     0x080001e7   Thumb Code     0  libinit2.o(.ARM.Collect$$libinit$$0000002A)
    __rt_lib_init_atexit_1                   0x080001e7   Thumb Code     0  libinit2.o(.ARM.Collect$$libinit$$00000019)
    __rt_lib_init_clock_1                    0x080001e7   Thumb Code     0  libinit2.o(.ARM.Collect$$libinit$$0000001F)
    __rt_lib_init_cpp_1                      0x080001e7   Thumb Code     0  libinit2.o(.ARM.Collect$$libinit$$00000030)
    __rt_lib_init_exceptions_1               0x080001e7   Thumb Code     0  libinit2.o(.ARM.Collect$$libinit$$0000002E)
    __rt_lib_init_fp_1                       0x080001e7   Thumb Code     0  libinit2.o(.ARM.Collect$$libinit$$00000002)
    __rt_lib_init_fp_trap_1                  0x080001e7   Thumb Code     0  libinit2.o(.ARM.Collect$$libinit$$0000001D)
    __rt_lib_init_getenv_1                   0x080001e7   Thumb Code     0  libinit2.o(.ARM.Collect$$libinit$$00000021)
    __rt_lib_init_heap_1                     0x080001e7   Thumb Code     0  libinit2.o(.ARM.Collect$$libinit$$00000008)
    __rt_lib_init_lc_collate_1               0x080001e7   Thumb Code     0  libinit2.o(.ARM.Collect$$libinit$$0000000F)
    __rt_lib_init_lc_ctype_1                 0x080001e7   Thumb Code     0  libinit2.o(.ARM.Collect$$libinit$$00000011)
    __rt_lib_init_lc_monetary_1              0x080001e7   Thumb Code     0  libinit2.o(.ARM.Collect$$libinit$$00000013)
    __rt_lib_init_lc_numeric_1               0x080001e7   Thumb Code     0  libinit2.o(.ARM.Collect$$libinit$$00000015)
    __rt_lib_init_lc_time_1                  0x080001e7   Thumb Code     0  libinit2.o(.ARM.Collect$$libinit$$00000017)
    __rt_lib_init_rand_1                     0x080001e7   Thumb Code     0  libinit2.o(.ARM.Collect$$libinit$$0000000C)
    __rt_lib_init_return                     0x080001e7   Thumb Code     0  libinit2.o(.ARM.Collect$$libinit$$00000031)
    __rt_lib_init_signal_1                   0x080001e7   Thumb Code     0  libinit2.o(.ARM.Collect$$libinit$$0000001B)
    __rt_lib_init_stdio_1                    0x080001e7   Thumb Code     0  libinit2.o(.ARM.Collect$$libinit$$00000023)
    __rt_lib_init_user_alloc_1               0x080001e7   Thumb Code     0  libinit2.o(.ARM.Collect$$libinit$$0000000A)
    __rt_lib_shutdown                        0x080001e9   Thumb Code     0  libshutdown.o(.ARM.Collect$$libshutdown$$00000000)
    __rt_lib_shutdown_fp_trap_1              0x080001eb   Thumb Code     0  libshutdown2.o(.ARM.Collect$$libshutdown$$00000006)
    __rt_lib_shutdown_heap_1                 0x080001eb   Thumb Code     0  libshutdown2.o(.ARM.Collect$$libshutdown$$0000000E)
    __rt_lib_shutdown_return                 0x080001eb   Thumb Code     0  libshutdown2.o(.ARM.Collect$$libshutdown$$0000000F)
    __rt_lib_shutdown_signal_1               0x080001eb   Thumb Code     0  libshutdown2.o(.ARM.Collect$$libshutdown$$00000009)
    __rt_lib_shutdown_stdio_1                0x080001eb   Thumb Code     0  libshutdown2.o(.ARM.Collect$$libshutdown$$00000003)
    __rt_lib_shutdown_user_alloc_1           0x080001eb   Thumb Code     0  libshutdown2.o(.ARM.Collect$$libshutdown$$0000000B)
    __rt_entry                               0x080001ed   Thumb Code     0  rtentry.o(.ARM.Collect$$rtentry$$00000000)
    __rt_entry_presh_1                       0x080001ed   Thumb Code     0  rtentry2.o(.ARM.Collect$$rtentry$$00000002)
    __rt_entry_sh                            0x080001ed   Thumb Code     0  rtentry4.o(.ARM.Collect$$rtentry$$00000004)
    __rt_entry_li                            0x080001f3   Thumb Code     0  rtentry2.o(.ARM.Collect$$rtentry$$0000000A)
    __rt_entry_postsh_1                      0x080001f3   Thumb Code     0  rtentry2.o(.ARM.Collect$$rtentry$$00000009)
    __rt_entry_main                          0x080001f7   Thumb Code     0  rtentry2.o(.ARM.Collect$$rtentry$$0000000D)
    __rt_entry_postli_1                      0x080001f7   Thumb Code     0  rtentry2.o(.ARM.Collect$$rtentry$$0000000C)
    __rt_exit                                0x080001ff   Thumb Code     0  rtexit.o(.ARM.Collect$$rtexit$$00000000)
    __rt_exit_ls                             0x08000201   Thumb Code     0  rtexit2.o(.ARM.Collect$$rtexit$$00000003)
    __rt_exit_prels_1                        0x08000201   Thumb Code     0  rtexit2.o(.ARM.Collect$$rtexit$$00000002)
    __rt_exit_exit                           0x08000205   Thumb Code     0  rtexit2.o(.ARM.Collect$$rtexit$$00000004)
    WFI_SET                                  0x0800020d   Thumb Code     2  sys.o(.emb_text)
    INTX_DISABLE                             0x0800020f   Thumb Code     2  sys.o(.emb_text)
    INTX_ENABLE                              0x08000211   Thumb Code     2  sys.o(.emb_text)
    MSR_MSP                                  0x08000213   Thumb Code     6  sys.o(.emb_text)
    SystemInit_ExtMemCtl                     0x08000219   Thumb Code     2  startup_stm32f10x_hd.o(.text)
    Reset_Handler                            0x0800021b   Thumb Code    14  startup_stm32f10x_hd.o(.text)
    NMI_Handler                              0x08000229   Thumb Code     2  startup_stm32f10x_hd.o(.text)
    HardFault_Handler                        0x0800022b   Thumb Code     2  startup_stm32f10x_hd.o(.text)
    MemManage_Handler                        0x0800022d   Thumb Code     2  startup_stm32f10x_hd.o(.text)
    BusFault_Handler                         0x0800022f   Thumb Code     2  startup_stm32f10x_hd.o(.text)
    UsageFault_Handler                       0x08000231   Thumb Code     2  startup_stm32f10x_hd.o(.text)
    SVC_Handler                              0x08000233   Thumb Code     2  startup_stm32f10x_hd.o(.text)
    DebugMon_Handler                         0x08000235   Thumb Code     2  startup_stm32f10x_hd.o(.text)
    PendSV_Handler                           0x08000237   Thumb Code     2  startup_stm32f10x_hd.o(.text)
    SysTick_Handler                          0x08000239   Thumb Code     2  startup_stm32f10x_hd.o(.text)
    ADC1_2_IRQHandler                        0x0800023b   Thumb Code     0  startup_stm32f10x_hd.o(.text)
    ADC3_IRQHandler                          0x0800023b   Thumb Code     0  startup_stm32f10x_hd.o(.text)
    CAN1_RX1_IRQHandler                      0x0800023b   Thumb Code     0  startup_stm32f10x_hd.o(.text)
    CAN1_SCE_IRQHandler                      0x0800023b   Thumb Code     0  startup_stm32f10x_hd.o(.text)
    DMA1_Channel1_IRQHandler                 0x0800023b   Thumb Code     0  startup_stm32f10x_hd.o(.text)
    DMA1_Channel2_IRQHandler                 0x0800023b   Thumb Code     0  startup_stm32f10x_hd.o(.text)
    DMA1_Channel3_IRQHandler                 0x0800023b   Thumb Code     0  startup_stm32f10x_hd.o(.text)
    DMA1_Channel4_IRQHandler                 0x0800023b   Thumb Code     0  startup_stm32f10x_hd.o(.text)
    DMA1_Channel5_IRQHandler                 0x0800023b   Thumb Code     0  startup_stm32f10x_hd.o(.text)
    DMA1_Channel6_IRQHandler                 0x0800023b   Thumb Code     0  startup_stm32f10x_hd.o(.text)
    DMA1_Channel7_IRQHandler                 0x0800023b   Thumb Code     0  startup_stm32f10x_hd.o(.text)
    DMA2_Channel1_IRQHandler                 0x0800023b   Thumb Code     0  startup_stm32f10x_hd.o(.text)
    DMA2_Channel2_IRQHandler                 0x0800023b   Thumb Code     0  startup_stm32f10x_hd.o(.text)
    DMA2_Channel3_IRQHandler                 0x0800023b   Thumb Code     0  startup_stm32f10x_hd.o(.text)
    DMA2_Channel4_5_IRQHandler               0x0800023b   Thumb Code     0  startup_stm32f10x_hd.o(.text)
    EXTI0_IRQHandler                         0x0800023b   Thumb Code     0  startup_stm32f10x_hd.o(.text)
    EXTI15_10_IRQHandler                     0x0800023b   Thumb Code     0  startup_stm32f10x_hd.o(.text)
    EXTI1_IRQHandler                         0x0800023b   Thumb Code     0  startup_stm32f10x_hd.o(.text)
    EXTI2_IRQHandler                         0x0800023b   Thumb Code     0  startup_stm32f10x_hd.o(.text)
    EXTI3_IRQHandler                         0x0800023b   Thumb Code     0  startup_stm32f10x_hd.o(.text)
    EXTI4_IRQHandler                         0x0800023b   Thumb Code     0  startup_stm32f10x_hd.o(.text)
    EXTI9_5_IRQHandler                       0x0800023b   Thumb Code     0  startup_stm32f10x_hd.o(.text)
    FLASH_IRQHandler                         0x0800023b   Thumb Code     0  startup_stm32f10x_hd.o(.text)
    FSMC_IRQHandler                          0x0800023b   Thumb Code     0  startup_stm32f10x_hd.o(.text)
    I2C1_ER_IRQHandler                       0x0800023b   Thumb Code     0  startup_stm32f10x_hd.o(.text)
    I2C1_EV_IRQHandler                       0x0800023b   Thumb Code     0  startup_stm32f10x_hd.o(.text)
    I2C2_ER_IRQHandler                       0x0800023b   Thumb Code     0  startup_stm32f10x_hd.o(.text)
    I2C2_EV_IRQHandler                       0x0800023b   Thumb Code     0  startup_stm32f10x_hd.o(.text)
    PVD_IRQHandler                           0x0800023b   Thumb Code     0  startup_stm32f10x_hd.o(.text)
    RCC_IRQHandler                           0x0800023b   Thumb Code     0  startup_stm32f10x_hd.o(.text)
    RTCAlarm_IRQHandler                      0x0800023b   Thumb Code     0  startup_stm32f10x_hd.o(.text)
    RTC_IRQHandler                           0x0800023b   Thumb Code     0  startup_stm32f10x_hd.o(.text)
    SDIO_IRQHandler                          0x0800023b   Thumb Code     0  startup_stm32f10x_hd.o(.text)
    SPI1_IRQHandler                          0x0800023b   Thumb Code     0  startup_stm32f10x_hd.o(.text)
    SPI2_IRQHandler                          0x0800023b   Thumb Code     0  startup_stm32f10x_hd.o(.text)
    SPI3_IRQHandler                          0x0800023b   Thumb Code     0  startup_stm32f10x_hd.o(.text)
    TAMPER_IRQHandler                        0x0800023b   Thumb Code     0  startup_stm32f10x_hd.o(.text)
    TIM1_BRK_IRQHandler                      0x0800023b   Thumb Code     0  startup_stm32f10x_hd.o(.text)
    TIM1_CC_IRQHandler                       0x0800023b   Thumb Code     0  startup_stm32f10x_hd.o(.text)
    TIM1_TRG_COM_IRQHandler                  0x0800023b   Thumb Code     0  startup_stm32f10x_hd.o(.text)
    TIM1_UP_IRQHandler                       0x0800023b   Thumb Code     0  startup_stm32f10x_hd.o(.text)
    TIM2_IRQHandler                          0x0800023b   Thumb Code     0  startup_stm32f10x_hd.o(.text)
    TIM3_IRQHandler                          0x0800023b   Thumb Code     0  startup_stm32f10x_hd.o(.text)
    TIM4_IRQHandler                          0x0800023b   Thumb Code     0  startup_stm32f10x_hd.o(.text)
    TIM5_IRQHandler                          0x0800023b   Thumb Code     0  startup_stm32f10x_hd.o(.text)
    TIM6_IRQHandler                          0x0800023b   Thumb Code     0  startup_stm32f10x_hd.o(.text)
    TIM7_IRQHandler                          0x0800023b   Thumb Code     0  startup_stm32f10x_hd.o(.text)
    TIM8_BRK_IRQHandler                      0x0800023b   Thumb Code     0  startup_stm32f10x_hd.o(.text)
    TIM8_CC_IRQHandler                       0x0800023b   Thumb Code     0  startup_stm32f10x_hd.o(.text)
    TIM8_TRG_COM_IRQHandler                  0x0800023b   Thumb Code     0  startup_stm32f10x_hd.o(.text)
    TIM8_UP_IRQHandler                       0x0800023b   Thumb Code     0  startup_stm32f10x_hd.o(.text)
    UART4_IRQHandler                         0x0800023b   Thumb Code     0  startup_stm32f10x_hd.o(.text)
    UART5_IRQHandler                         0x0800023b   Thumb Code     0  startup_stm32f10x_hd.o(.text)
    USART2_IRQHandler                        0x0800023b   Thumb Code     0  startup_stm32f10x_hd.o(.text)
    USART3_IRQHandler                        0x0800023b   Thumb Code     0  startup_stm32f10x_hd.o(.text)
    WWDG_IRQHandler                          0x0800023b   Thumb Code     0  startup_stm32f10x_hd.o(.text)
    __user_initial_stackheap                 0x0800023d   Thumb Code     0  startup_stm32f10x_hd.o(.text)
    usb_port_set                             0x08000261   Thumb Code    74  test.o(.text)
    main                                     0x080002ab   Thumb Code    22  test.o(.text)
    MY_NVIC_SetVectorTable                   0x080002d1   Thumb Code    12  sys.o(.text)
    MY_NVIC_PriorityGroupConfig              0x080002dd   Thumb Code    36  sys.o(.text)
    MY_NVIC_Init                             0x08000301   Thumb Code   106  sys.o(.text)
    Ex_NVIC_Config                           0x0800036b   Thumb Code   146  sys.o(.text)
    MYRCC_DeInit                             0x080003fd   Thumb Code    90  sys.o(.text)
    Sys_Standby                              0x08000457   Thumb Code    68  sys.o(.text)
    Sys_Soft_Reset                           0x0800049b   Thumb Code    12  sys.o(.text)
    JTAG_Set                                 0x080004a7   Thumb Code    42  sys.o(.text)
    Stm32_Clock_Init                         0x080004d1   Thumb Code   134  sys.o(.text)
    _sys_exit                                0x08000589   Thumb Code     6  usart.o(.text)
    fputc                                    0x0800058f   Thumb Code    24  usart.o(.text)
    USART1_IRQHandler                        0x080005a7   Thumb Code   118  usart.o(.text)
    uart_init                                0x0800061d   Thumb Code   214  usart.o(.text)
    Standard_GetConfiguration                0x0800070d   Thumb Code    34  usb_core.o(.text)
    Standard_SetConfiguration                0x0800072f   Thumb Code    60  usb_core.o(.text)
    Standard_GetInterface                    0x0800076b   Thumb Code    34  usb_core.o(.text)
    Standard_SetInterface                    0x0800078d   Thumb Code    96  usb_core.o(.text)
    Standard_GetStatus                       0x080007ed   Thumb Code   224  usb_core.o(.text)
    Standard_ClearFeature                    0x080008cd   Thumb Code   326  usb_core.o(.text)
    Standard_SetEndPointFeature              0x08000a13   Thumb Code   176  usb_core.o(.text)
    Standard_SetDeviceFeature                0x08000ac3   Thumb Code    30  usb_core.o(.text)
    Standard_GetDescriptorData               0x08000ae1   Thumb Code    62  usb_core.o(.text)
    Post0_Process                            0x0800103d   Thumb Code    54  usb_core.o(.text)
    Setup0_Process                           0x08001073   Thumb Code   162  usb_core.o(.text)
    SetDeviceAddress                         0x08001115   Thumb Code    64  usb_core.o(.text)
    In0_Process                              0x08001155   Thumb Code    98  usb_core.o(.text)
    Out0_Process                             0x080011b7   Thumb Code    70  usb_core.o(.text)
    NOP_Process                              0x080011fd   Thumb Code     2  usb_core.o(.text)
    EP1_IN_Callback                          0x080011ff   Thumb Code     8  usb_core.o(.text)
    USB_Init                                 0x08001235   Thumb Code    36  usb_init.o(.text)
    CTR_LP                                   0x08001271   Thumb Code   774  usb_int.o(.text)
    CTR_HP                                   0x08001577   Thumb Code   174  usb_int.o(.text)
    UserToPMABufferCopy                      0x08001645   Thumb Code    52  usb_mem.o(.text)
    PMAToUserBufferCopy                      0x08001679   Thumb Code    34  usb_mem.o(.text)
    SetCNTR                                  0x080016a1   Thumb Code     6  usb_regs.o(.text)
    GetCNTR                                  0x080016a7   Thumb Code     8  usb_regs.o(.text)
    SetISTR                                  0x080016af   Thumb Code     8  usb_regs.o(.text)
    GetISTR                                  0x080016b7   Thumb Code    10  usb_regs.o(.text)
    GetFNR                                   0x080016c1   Thumb Code    10  usb_regs.o(.text)
    SetDADDR                                 0x080016cb   Thumb Code     8  usb_regs.o(.text)
    GetDADDR                                 0x080016d3   Thumb Code    10  usb_regs.o(.text)
    SetBTABLE                                0x080016dd   Thumb Code    14  usb_regs.o(.text)
    GetBTABLE                                0x080016eb   Thumb Code    10  usb_regs.o(.text)
    SetENDPOINT                              0x080016f5   Thumb Code    12  usb_regs.o(.text)
    GetENDPOINT                              0x08001701   Thumb Code    16  usb_regs.o(.text)
    SetEPType                                0x08001711   Thumb Code    32  usb_regs.o(.text)
    GetEPType                                0x08001731   Thumb Code    18  usb_regs.o(.text)
    SetEPTxStatus                            0x08001743   Thumb Code    52  usb_regs.o(.text)
    SetEPRxStatus                            0x08001777   Thumb Code    52  usb_regs.o(.text)
    SetDouBleBuffEPStall                     0x080017ab   Thumb Code    54  usb_regs.o(.text)
    GetEPTxStatus                            0x080017e1   Thumb Code    18  usb_regs.o(.text)
    GetEPRxStatus                            0x080017f3   Thumb Code    18  usb_regs.o(.text)
    SetEPTxValid                             0x08001805   Thumb Code    38  usb_regs.o(.text)
    SetEPRxValid                             0x0800182b   Thumb Code    38  usb_regs.o(.text)
    SetEP_KIND                               0x08001851   Thumb Code    32  usb_regs.o(.text)
    ClearEP_KIND                             0x08001871   Thumb Code    28  usb_regs.o(.text)
    Clear_Status_Out                         0x0800188d   Thumb Code    28  usb_regs.o(.text)
    Set_Status_Out                           0x080018a9   Thumb Code    32  usb_regs.o(.text)
    SetEPDoubleBuff                          0x080018c9   Thumb Code    32  usb_regs.o(.text)
    ClearEPDoubleBuff                        0x080018e9   Thumb Code    28  usb_regs.o(.text)
    GetTxStallStatus                         0x08001905   Thumb Code    28  usb_regs.o(.text)
    GetRxStallStatus                         0x08001921   Thumb Code    30  usb_regs.o(.text)
    ClearEP_CTR_RX                           0x0800193f   Thumb Code    32  usb_regs.o(.text)
    ClearEP_CTR_TX                           0x0800195f   Thumb Code    28  usb_regs.o(.text)
    ToggleDTOG_RX                            0x0800197b   Thumb Code    32  usb_regs.o(.text)
    ToggleDTOG_TX                            0x0800199b   Thumb Code    32  usb_regs.o(.text)
    ClearDTOG_RX                             0x080019bb   Thumb Code    46  usb_regs.o(.text)
    ClearDTOG_TX                             0x080019e9   Thumb Code    46  usb_regs.o(.text)
    SetEPAddress                             0x08001a17   Thumb Code    32  usb_regs.o(.text)
    GetEPAddress                             0x08001a37   Thumb Code    18  usb_regs.o(.text)
    SetEPTxAddr                              0x08001a49   Thumb Code    26  usb_regs.o(.text)
    SetEPRxAddr                              0x08001a63   Thumb Code    42  usb_regs.o(.text)
    GetEPTxAddr                              0x08001a8d   Thumb Code    22  usb_regs.o(.text)
    GetEPRxAddr                              0x08001aa3   Thumb Code    24  usb_regs.o(.text)
    SetEPTxCount                             0x08001abb   Thumb Code    20  usb_regs.o(.text)
    SetEPCountRxReg                          0x08001acf   Thumb Code    48  usb_regs.o(.text)
    SetEPRxCount                             0x08001aff   Thumb Code    68  usb_regs.o(.text)
    GetEPTxCount                             0x08001b43   Thumb Code    26  usb_regs.o(.text)
    GetEPRxCount                             0x08001b5d   Thumb Code    26  usb_regs.o(.text)
    SetEPDblBuffAddr                         0x08001b77   Thumb Code    44  usb_regs.o(.text)
    SetEPDblBuf0Addr                         0x08001ba3   Thumb Code    24  usb_regs.o(.text)
    SetEPDblBuf1Addr                         0x08001bbb   Thumb Code    26  usb_regs.o(.text)
    GetEPDblBuf0Addr                         0x08001bd5   Thumb Code    22  usb_regs.o(.text)
    GetEPDblBuf1Addr                         0x08001beb   Thumb Code    24  usb_regs.o(.text)
    SetEPDblBuffCount                        0x08001c03   Thumb Code   186  usb_regs.o(.text)
    SetEPDblBuf0Count                        0x08001cbd   Thumb Code    96  usb_regs.o(.text)
    SetEPDblBuf1Count                        0x08001d1d   Thumb Code    96  usb_regs.o(.text)
    GetEPDblBuf0Count                        0x08001d7d   Thumb Code    26  usb_regs.o(.text)
    GetEPDblBuf1Count                        0x08001d97   Thumb Code    26  usb_regs.o(.text)
    GetEPDblBufDir                           0x08001db1   Thumb Code    62  usb_regs.o(.text)
    FreeUserBuffer                           0x08001def   Thumb Code    74  usb_regs.o(.text)
    ToWord                                   0x08001e39   Thumb Code     8  usb_regs.o(.text)
    ByteSwap                                 0x08001e41   Thumb Code    12  usb_regs.o(.text)
    Set_USBClock                             0x08001e59   Thumb Code    24  hw_config.o(.text)
    Enter_LowPowerMode                       0x08001e71   Thumb Code     8  hw_config.o(.text)
    Leave_LowPowerMode                       0x08001e79   Thumb Code    22  hw_config.o(.text)
    myMemcpy                                 0x08001e8f   Thumb Code    22  hw_config.o(.text)
    USB_Interrupts_Config                    0x08001ea5   Thumb Code    56  hw_config.o(.text)
    UsbCamera_Fillbuf                        0x08001edd   Thumb Code   246  hw_config.o(.text)
    Get_SerialNum                            0x08001fd3   Thumb Code    62  hw_config.o(.text)
    USB_HP_CAN1_TX_IRQHandler                0x08002039   Thumb Code     2  stm32f10x_it.o(.text)
    USB_LP_CAN1_RX0_IRQHandler               0x0800203b   Thumb Code     8  stm32f10x_it.o(.text)
    USBWakeUp_IRQHandler                     0x08002043   Thumb Code    14  stm32f10x_it.o(.text)
    USB_Istr                                 0x08002055   Thumb Code   222  usb_istr.o(.text)
    UsbCamera_init                           0x0800214d   Thumb Code    46  usb_prop.o(.text)
    UsbCamera_Reset                          0x0800217b   Thumb Code   190  usb_prop.o(.text)
    UsbCamera_SetConfiguration               0x08002239   Thumb Code    14  usb_prop.o(.text)
    UsbCamera_SetDeviceAddress               0x08002247   Thumb Code     8  usb_prop.o(.text)
    UsbCamera_Status_In                      0x0800224f   Thumb Code     2  usb_prop.o(.text)
    UsbCamera_Status_Out                     0x08002251   Thumb Code     2  usb_prop.o(.text)
    VideoCommitControl_Command               0x08002253   Thumb Code    24  usb_prop.o(.text)
    VideoProbeControl_Command                0x0800226b   Thumb Code    24  usb_prop.o(.text)
    UsbCamera_Data_Setup                     0x08002283   Thumb Code    84  usb_prop.o(.text)
    UsbCamera_NoData_Setup                   0x080022d7   Thumb Code     6  usb_prop.o(.text)
    UsbCamera_GetDeviceDescriptor            0x080022dd   Thumb Code    14  usb_prop.o(.text)
    UsbCamera_GetConfigDescriptor            0x080022eb   Thumb Code    14  usb_prop.o(.text)
    UsbCamera_GetStringDescriptor            0x080022f9   Thumb Code    32  usb_prop.o(.text)
    UsbCamera_Get_Interface_Setting          0x08002319   Thumb Code    22  usb_prop.o(.text)
    PowerOn                                  0x08002361   Thumb Code    48  usb_pwr.o(.text)
    PowerOff                                 0x08002391   Thumb Code    22  usb_pwr.o(.text)
    Suspend                                  0x080023a7   Thumb Code    34  usb_pwr.o(.text)
    Resume_Init                              0x080023c9   Thumb Code    30  usb_pwr.o(.text)
    Resume                                   0x080023e7   Thumb Code   168  usb_pwr.o(.text)
    __use_no_semihosting                     0x0800249d   Thumb Code     2  use_no_semi_2.o(.text)
    __use_two_region_memory                  0x0800249f   Thumb Code     2  heapauxi.o(.text)
    __rt_heap_escrow$2region                 0x080024a1   Thumb Code     2  heapauxi.o(.text)
    __rt_heap_expand$2region                 0x080024a3   Thumb Code     2  heapauxi.o(.text)
    __I$use$semihosting                      0x080024a5   Thumb Code     0  use_no_semi.o(.text)
    __use_no_semihosting_swi                 0x080024a5   Thumb Code     2  use_no_semi.o(.text)
    __user_setup_stackheap                   0x080024a7   Thumb Code    74  sys_stackheap_outer.o(.text)
    exit                                     0x080024f1   Thumb Code    12  exit.o(.text)
    __user_libspace                          0x080024fd   Thumb Code     8  libspace.o(.text)
    __user_perproc_libspace                  0x080024fd   Thumb Code     0  libspace.o(.text)
    __user_perthread_libspace                0x080024fd   Thumb Code     0  libspace.o(.text)
    __aeabi_fadd                             0x08002505   Thumb Code     0  faddsub_clz.o(x$fpl$fadd)
    _fadd                                    0x08002505   Thumb Code   196  faddsub_clz.o(x$fpl$fadd)
    __aeabi_fdiv                             0x080025c9   Thumb Code     0  fdiv.o(x$fpl$fdiv)
    _fdiv                                    0x080025c9   Thumb Code   384  fdiv.o(x$fpl$fdiv)
    __aeabi_f2uiz                            0x0800274d   Thumb Code     0  ffixu.o(x$fpl$ffixu)
    _ffixu                                   0x0800274d   Thumb Code    62  ffixu.o(x$fpl$ffixu)
    __aeabi_ui2f                             0x0800278d   Thumb Code     0  fflt_clz.o(x$fpl$ffltu)
    _ffltu                                   0x0800278d   Thumb Code    38  fflt_clz.o(x$fpl$ffltu)
    __aeabi_fmul                             0x080027b5   Thumb Code     0  fmul.o(x$fpl$fmul)
    _fmul                                    0x080027b5   Thumb Code   258  fmul.o(x$fpl$fmul)
    __fpl_fnaninf                            0x080028b7   Thumb Code   140  fnaninf.o(x$fpl$fnaninf)
    __fpl_fretinf                            0x08002943   Thumb Code    10  fretinf.o(x$fpl$fretinf)
    __aeabi_frsub                            0x0800294d   Thumb Code     0  faddsub_clz.o(x$fpl$frsb)
    _frsb                                    0x0800294d   Thumb Code    20  faddsub_clz.o(x$fpl$frsb)
    __aeabi_fsub                             0x08002961   Thumb Code     0  faddsub_clz.o(x$fpl$fsub)
    _fsub                                    0x08002961   Thumb Code   234  faddsub_clz.o(x$fpl$fsub)
    Camera_DeviceDescriptor                  0x08002a4a   Data          18  usb_desc.o(.constdata)
    __I$use$fp                               0x08002a4a   Number         0  usenofp.o(x$fpl$usenofp)
    Camera_ConfigDescriptor                  0x08002a5c   Data         192  usb_desc.o(.constdata)
    Camera_StringLangID                      0x08002b1c   Data           4  usb_desc.o(.constdata)
    Camera_StringVendor                      0x08002b20   Data          14  usb_desc.o(.constdata)
    Camera_StringProduct                     0x08002b2e   Data          50  usb_desc.o(.constdata)
    sbuf                                     0x08002b60   Data       17953  srcjpg.o(.constdata)
    Region$$Table$$Base                      0x08007184   Number         0  anon$$obj.o(Region$$Table)
    Region$$Table$$Limit                     0x080071a4   Number         0  anon$$obj.o(Region$$Table)
    __stdout                                 0x20000000   Data           4  usart.o(.data)
    USART_RX_STA                             0x20000004   Data           2  usart.o(.data)
    StatusInfo                               0x20000006   Data           2  usb_core.o(.data)
    Data_Mul_MaxPacketSize                   0x20000008   Data           1  usb_core.o(.data)
    EPindex                                  0x2000000c   Data           1  usb_init.o(.data)
    pInformation                             0x20000010   Data           4  usb_init.o(.data)
    pProperty                                0x20000014   Data           4  usb_init.o(.data)
    SaveState                                0x20000018   Data           2  usb_init.o(.data)
    wInterrupt_Mask                          0x2000001a   Data           2  usb_init.o(.data)
    pUser_Standard_Requests                  0x2000001c   Data           4  usb_init.o(.data)
    SaveRState                               0x20000020   Data           2  usb_int.o(.data)
    SaveTState                               0x20000022   Data           2  usb_int.o(.data)
    sendbuf                                  0x20000024   Data         176  hw_config.o(.data)
    sendsize                                 0x200000d4   Data           4  hw_config.o(.data)
    Camera_StringSerial                      0x200000d8   Data          26  usb_desc.o(.data)
    wIstr                                    0x200000f4   Data           2  usb_istr.o(.data)
    bIntPackSOF                              0x200000f6   Data           1  usb_istr.o(.data)
    pEpInt_IN                                0x200000f8   Data          28  usb_istr.o(.data)
    pEpInt_OUT                               0x20000114   Data          28  usb_istr.o(.data)
    videoCommitControl                       0x20000130   Data          34  usb_prop.o(.data)
    videoProbeControl                        0x20000152   Data          34  usb_prop.o(.data)
    Device_Table                             0x20000174   Data           2  usb_prop.o(.data)
    Device_Property                          0x20000178   Data          48  usb_prop.o(.data)
    User_Standard_Requests                   0x200001a8   Data          36  usb_prop.o(.data)
    Device_Descriptor                        0x200001cc   Data           8  usb_prop.o(.data)
    Config_Descriptor                        0x200001d4   Data           8  usb_prop.o(.data)
    String_Descriptor                        0x200001dc   Data          32  usb_prop.o(.data)
    bDeviceState                             0x200001fc   Data           4  usb_pwr.o(.data)
    fSuspendEnabled                          0x20000200   Data           1  usb_pwr.o(.data)
    ResumeS                                  0x20000201   Data           2  usb_pwr.o(.data)
    USART_RX_BUF                             0x20000204   Data         200  usart.o(.bss)
    Device_Info                              0x200002cc   Data          28  usb_init.o(.bss)
    __libspace_start                         0x200002e8   Data          96  libspace.o(.bss)
    __temporary_stack_top$libspace           0x20000348   Data           0  libspace.o(.bss)



==============================================================================

Memory Map of the image

  Image Entry point : 0x08000131

  Load Region LR_IROM1 (Base: 0x08000000, Size: 0x000073a8, Max: 0x00040000, ABSOLUTE, COMPRESSED[0x00007220])

    Execution Region ER_IROM1 (Base: 0x08000000, Size: 0x000071a4, Max: 0x00040000, ABSOLUTE)

    Base Addr    Size         Type   Attr      Idx    E Section Name        Object

    0x08000000   0x00000130   Data   RO            3    RESET               startup_stm32f10x_hd.o
    0x08000130   0x00000008   Code   RO          530  * !!!main             c_w.l(__main.o)
    0x08000138   0x00000034   Code   RO          711    !!!scatter          c_w.l(__scatter.o)
    0x0800016c   0x0000005a   Code   RO          709    !!dczerorl2         c_w.l(__dczerorl2.o)
    0x080001c6   0x00000002   PAD
    0x080001c8   0x0000001c   Code   RO          713    !!handler_zi        c_w.l(__scatter_zi.o)
    0x080001e4   0x00000002   Code   RO          586    .ARM.Collect$$libinit$$00000000  c_w.l(libinit.o)
    0x080001e6   0x00000000   Code   RO          593    .ARM.Collect$$libinit$$00000002  c_w.l(libinit2.o)
    0x080001e6   0x00000000   Code   RO          596    .ARM.Collect$$libinit$$00000008  c_w.l(libinit2.o)
    0x080001e6   0x00000000   Code   RO          598    .ARM.Collect$$libinit$$0000000A  c_w.l(libinit2.o)
    0x080001e6   0x00000000   Code   RO          600    .ARM.Collect$$libinit$$0000000C  c_w.l(libinit2.o)
    0x080001e6   0x00000000   Code   RO          603    .ARM.Collect$$libinit$$0000000F  c_w.l(libinit2.o)
    0x080001e6   0x00000000   Code   RO          605    .ARM.Collect$$libinit$$00000011  c_w.l(libinit2.o)
    0x080001e6   0x00000000   Code   RO          607    .ARM.Collect$$libinit$$00000013  c_w.l(libinit2.o)
    0x080001e6   0x00000000   Code   RO          609    .ARM.Collect$$libinit$$00000015  c_w.l(libinit2.o)
    0x080001e6   0x00000000   Code   RO          611    .ARM.Collect$$libinit$$00000017  c_w.l(libinit2.o)
    0x080001e6   0x00000000   Code   RO          613    .ARM.Collect$$libinit$$00000019  c_w.l(libinit2.o)
    0x080001e6   0x00000000   Code   RO          615    .ARM.Collect$$libinit$$0000001B  c_w.l(libinit2.o)
    0x080001e6   0x00000000   Code   RO          617    .ARM.Collect$$libinit$$0000001D  c_w.l(libinit2.o)
    0x080001e6   0x00000000   Code   RO          619    .ARM.Collect$$libinit$$0000001F  c_w.l(libinit2.o)
    0x080001e6   0x00000000   Code   RO          621    .ARM.Collect$$libinit$$00000021  c_w.l(libinit2.o)
    0x080001e6   0x00000000   Code   RO          623    .ARM.Collect$$libinit$$00000023  c_w.l(libinit2.o)
    0x080001e6   0x00000000   Code   RO          627    .ARM.Collect$$libinit$$0000002A  c_w.l(libinit2.o)
    0x080001e6   0x00000000   Code   RO          629    .ARM.Collect$$libinit$$0000002C  c_w.l(libinit2.o)
    0x080001e6   0x00000000   Code   RO          631    .ARM.Collect$$libinit$$0000002E  c_w.l(libinit2.o)
    0x080001e6   0x00000000   Code   RO          633    .ARM.Collect$$libinit$$00000030  c_w.l(libinit2.o)
    0x080001e6   0x00000002   Code   RO          634    .ARM.Collect$$libinit$$00000031  c_w.l(libinit2.o)
    0x080001e8   0x00000002   Code   RO          652    .ARM.Collect$$libshutdown$$00000000  c_w.l(libshutdown.o)
    0x080001ea   0x00000000   Code   RO          663    .ARM.Collect$$libshutdown$$00000003  c_w.l(libshutdown2.o)
    0x080001ea   0x00000000   Code   RO          666    .ARM.Collect$$libshutdown$$00000006  c_w.l(libshutdown2.o)
    0x080001ea   0x00000000   Code   RO          669    .ARM.Collect$$libshutdown$$00000009  c_w.l(libshutdown2.o)
    0x080001ea   0x00000000   Code   RO          671    .ARM.Collect$$libshutdown$$0000000B  c_w.l(libshutdown2.o)
    0x080001ea   0x00000000   Code   RO          674    .ARM.Collect$$libshutdown$$0000000E  c_w.l(libshutdown2.o)
    0x080001ea   0x00000002   Code   RO          675    .ARM.Collect$$libshutdown$$0000000F  c_w.l(libshutdown2.o)
    0x080001ec   0x00000000   Code   RO          556    .ARM.Collect$$rtentry$$00000000  c_w.l(rtentry.o)
    0x080001ec   0x00000000   Code   RO          563    .ARM.Collect$$rtentry$$00000002  c_w.l(rtentry2.o)
    0x080001ec   0x00000006   Code   RO          575    .ARM.Collect$$rtentry$$00000004  c_w.l(rtentry4.o)
    0x080001f2   0x00000000   Code   RO          565    .ARM.Collect$$rtentry$$00000009  c_w.l(rtentry2.o)
    0x080001f2   0x00000004   Code   RO          566    .ARM.Collect$$rtentry$$0000000A  c_w.l(rtentry2.o)
    0x080001f6   0x00000000   Code   RO          568    .ARM.Collect$$rtentry$$0000000C  c_w.l(rtentry2.o)
    0x080001f6   0x00000008   Code   RO          569    .ARM.Collect$$rtentry$$0000000D  c_w.l(rtentry2.o)
    0x080001fe   0x00000002   Code   RO          590    .ARM.Collect$$rtexit$$00000000  c_w.l(rtexit.o)
    0x08000200   0x00000000   Code   RO          636    .ARM.Collect$$rtexit$$00000002  c_w.l(rtexit2.o)
    0x08000200   0x00000004   Code   RO          637    .ARM.Collect$$rtexit$$00000003  c_w.l(rtexit2.o)
    0x08000204   0x00000006   Code   RO          638    .ARM.Collect$$rtexit$$00000004  c_w.l(rtexit2.o)
    0x0800020a   0x00000002   PAD
    0x0800020c   0x0000000c   Code   RO          189    .emb_text           sys.o
    0x08000218   0x00000048   Code   RO            4    .text               startup_stm32f10x_hd.o
    0x08000260   0x00000070   Code   RO           12    .text               test.o
    0x080002d0   0x000002b8   Code   RO          190    .text               sys.o
    0x08000588   0x00000184   Code   RO          213    .text               usart.o
    0x0800070c   0x00000b28   Code   RO          242    .text               usb_core.o
    0x08001234   0x0000003c   Code   RO          272    .text               usb_init.o
    0x08001270   0x000003d4   Code   RO          295    .text               usb_int.o
    0x08001644   0x0000005c   Code   RO          319    .text               usb_mem.o
    0x080016a0   0x000007b8   Code   RO          331    .text               usb_regs.o
    0x08001e58   0x000001e0   Code   RO          345    .text               hw_config.o
    0x08002038   0x0000001c   Code   RO          381    .text               stm32f10x_it.o
    0x08002054   0x000000f8   Code   RO          415    .text               usb_istr.o
    0x0800214c   0x00000214   Code   RO          440    .text               usb_prop.o
    0x08002360   0x0000013c   Code   RO          469    .text               usb_pwr.o
    0x0800249c   0x00000002   Code   RO          526    .text               c_w.l(use_no_semi_2.o)
    0x0800249e   0x00000006   Code   RO          528    .text               c_w.l(heapauxi.o)
    0x080024a4   0x00000002   Code   RO          554    .text               c_w.l(use_no_semi.o)
    0x080024a6   0x0000004a   Code   RO          577    .text               c_w.l(sys_stackheap_outer.o)
    0x080024f0   0x0000000c   Code   RO          579    .text               c_w.l(exit.o)
    0x080024fc   0x00000008   Code   RO          587    .text               c_w.l(libspace.o)
    0x08002504   0x000000c4   Code   RO          532    x$fpl$fadd          fz_ws.l(faddsub_clz.o)
    0x080025c8   0x00000184   Code   RO          539    x$fpl$fdiv          fz_ws.l(fdiv.o)
    0x0800274c   0x0000003e   Code   RO          542    x$fpl$ffixu         fz_ws.l(ffixu.o)
    0x0800278a   0x00000002   PAD
    0x0800278c   0x00000026   Code   RO          546    x$fpl$ffltu         fz_ws.l(fflt_clz.o)
    0x080027b2   0x00000002   PAD
    0x080027b4   0x00000102   Code   RO          552    x$fpl$fmul          fz_ws.l(fmul.o)
    0x080028b6   0x0000008c   Code   RO          557    x$fpl$fnaninf       fz_ws.l(fnaninf.o)
    0x08002942   0x0000000a   Code   RO          559    x$fpl$fretinf       fz_ws.l(fretinf.o)
    0x0800294c   0x00000014   Code   RO          533    x$fpl$frsb          fz_ws.l(faddsub_clz.o)
    0x08002960   0x000000ea   Code   RO          534    x$fpl$fsub          fz_ws.l(faddsub_clz.o)
    0x08002a4a   0x00000000   Code   RO          561    x$fpl$usenofp       fz_ws.l(usenofp.o)
    0x08002a4a   0x00000116   Data   RO          402    .constdata          usb_desc.o
    0x08002b60   0x00004621   Data   RO          512    .constdata          srcjpg.o
    0x08007181   0x00000003   PAD
    0x08007184   0x00000020   Data   RO          707    Region$$Table       anon$$obj.o


    Execution Region RW_IRAM1 (Base: 0x20000000, Size: 0x00000b48, Max: 0x0000c000, ABSOLUTE, COMPRESSED[0x0000007c])

    Base Addr    Size         Type   Attr      Idx    E Section Name        Object

    0x20000000   0x00000006   Data   RW          215    .data               usart.o
    0x20000006   0x00000003   Data   RW          243    .data               usb_core.o
    0x20000009   0x00000003   PAD
    0x2000000c   0x00000014   Data   RW          274    .data               usb_init.o
    0x20000020   0x00000004   Data   RW          296    .data               usb_int.o
    0x20000024   0x000000b4   Data   RW          346    .data               hw_config.o
    0x200000d8   0x0000001a   Data   RW          403    .data               usb_desc.o
    0x200000f2   0x00000002   PAD
    0x200000f4   0x0000003c   Data   RW          416    .data               usb_istr.o
    0x20000130   0x000000cc   Data   RW          441    .data               usb_prop.o
    0x200001fc   0x00000007   Data   RW          470    .data               usb_pwr.o
    0x20000203   0x00000001   PAD
    0x20000204   0x000000c8   Zero   RW          214    .bss                usart.o
    0x200002cc   0x0000001c   Zero   RW          273    .bss                usb_init.o
    0x200002e8   0x00000060   Zero   RW          588    .bss                c_w.l(libspace.o)
    0x20000348   0x00000000   Zero   RW            2    HEAP                startup_stm32f10x_hd.o
    0x20000348   0x00000800   Zero   RW            1    STACK               startup_stm32f10x_hd.o


==============================================================================

Image component sizes


      Code (inc. data)   RO Data    RW Data    ZI Data      Debug   Object Name

       480         40          0        180          0       2591   hw_config.o
         0          0      17953          0          0        487   srcjpg.o
        72         26        304          0       2048        844   startup_stm32f10x_hd.o
        28          4          0          0          0        796   stm32f10x_it.o
       708         50          0          0          0       2719   sys.o
       112         16          0          0          0     210800   test.o
       388         26          0          6        200       3098   usart.o
      2856        112          0          3          0      19107   usb_core.o
         0          0        278         26          0        879   usb_desc.o
        60         24          0         20         28       3890   usb_init.o
       980         32          0          4          0       1740   usb_int.o
       248         26          0         60          0       1232   usb_istr.o
        92          6          0          0          0       1262   usb_mem.o
       532         50          0        204          0       7484   usb_prop.o
       316         22          0          7          0       2537   usb_pwr.o
      1976         26          0          0          0      11501   usb_regs.o

    ----------------------------------------------------------------------
      8848        460      18570        516       2276     270967   Object Totals
         0          0         32          0          0          0   (incl. Generated)
         0          0          3          6          0          0   (incl. Padding)

    ----------------------------------------------------------------------

      Code (inc. data)   RO Data    RW Data    ZI Data      Debug   Library Member Name

        90          0          0          0          0          0   __dczerorl2.o
         8          0          0          0          0         68   __main.o
        52          8          0          0          0          0   __scatter.o
        28          0          0          0          0          0   __scatter_zi.o
        12          0          0          0          0         72   exit.o
         6          0          0          0          0        152   heapauxi.o
         2          0          0          0          0          0   libinit.o
         2          0          0          0          0          0   libinit2.o
         2          0          0          0          0          0   libshutdown.o
         2          0          0          0          0          0   libshutdown2.o
         8          4          0          0         96         68   libspace.o
         0          0          0          0          0          0   rtentry.o
        12          0          0          0          0          0   rtentry2.o
         6          0          0          0          0          0   rtentry4.o
         2          0          0          0          0          0   rtexit.o
        10          0          0          0          0          0   rtexit2.o
        74          0          0          0          0         80   sys_stackheap_outer.o
         2          0          0          0          0         68   use_no_semi.o
         2          0          0          0          0         68   use_no_semi_2.o
       450          8          0          0          0        236   faddsub_clz.o
       388         76          0          0          0         96   fdiv.o
        62          4          0          0          0         84   ffixu.o
        38          0          0          0          0         68   fflt_clz.o
       258          4          0          0          0         84   fmul.o
       140          4          0          0          0         84   fnaninf.o
        10          0          0          0          0         68   fretinf.o
         0          0          0          0          0          0   usenofp.o

    ----------------------------------------------------------------------
      1674        108          0          0         96       1296   Library Totals
         8          0          0          0          0          0   (incl. Padding)

    ----------------------------------------------------------------------

      Code (inc. data)   RO Data    RW Data    ZI Data      Debug   Library Name

       320         12          0          0         96        576   c_w.l
      1346         96          0          0          0        720   fz_ws.l

    ----------------------------------------------------------------------
      1674        108          0          0         96       1296   Library Totals

    ----------------------------------------------------------------------

==============================================================================


      Code (inc. data)   RO Data    RW Data    ZI Data      Debug   

     10522        568      18570        516       2372     270283   Grand Totals
     10522        568      18570        124       2372     270283   ELF Image Totals (compressed)
     10522        568      18570        124          0          0   ROM Totals

==============================================================================

    Total RO  Size (Code + RO Data)                29092 (  28.41kB)
    Total RW  Size (RW Data + ZI Data)              2888 (   2.82kB)
    Total ROM Size (Code + RO Data + RW Data)      29216 (  28.53kB)

==============================================================================

